
> react-example@0.0.0 build
> vite build

[36mvite v6.4.1 [32mbuilding for production...[36m[39m
node.exe : 
[baseline-browser-mapping] 
The data in this module is 
over two months old.  To 
ensure accurate Baseline 
data, please update: `npm 
i baseline-browser-mapping@
latest -D`
At line:1 char:1
+ & "C:\Program 
Files\nodejs/node.exe" 
"C:\Program 
Files\nodejs/node_mo ...
+ ~~~~~~~~~~~~~~~~~~~~~~~~~
~~~~~~~~~~~~~~~~~~~~~~~~~~~
~~~~~~~~~~~~~~~~~
    + CategoryInfo         
     : NotSpecified: ([ba  
  seline-brows...ping@la   
 test -D`:String) [], R    
emoteException
    + FullyQualifiedErrorI 
   d : NativeCommandError
 
transforming...
[32mΓ£ô[39m 25 modules transformed.
[31mΓ£ù[39m Build failed 
in 602ms
[31merror during build:
[31m[vite:css] [postcss] C
:/Users/devkh/OneDrive/Atta
chments/Desktop/WEBdev/ias3
/src/index.css:2:5123: 
`@layer base` is used but 
no matching `@tailwind 
base` directive is 
present.[31m
file: [36mC:/Users/devkh/O
neDrive/Attachments/Desktop
/WEBdev/ias3/src/index.css:
2:5122[31m
    at Input.error (C:\User
s\devkh\OneDrive\Attachment
s\Desktop\WEBdev\ias3\node_
modules\postcss\lib\input.j
s:135:16)
    at AtRule.error (C:\Use
rs\devkh\OneDrive\Attachmen
ts\Desktop\WEBdev\ias3\node
_modules\postcss\lib\node.j
s:146:32)
    at normalizeTailwindDir
ectives (C:\Users\devkh\nod
e_modules\tailwindcss\lib\l
ib\normalizeTailwindDirecti
ves.js:72:32)
    at C:\Users\devkh\node_
modules\tailwindcss\lib\pro
cessTailwindFeatures.js:29:
98
    at plugins (C:\Users\de
vkh\node_modules\tailwindcs
s\lib\plugin.js:38:69)
    at 
LazyResult.runOnRoot (C:\Us
ers\devkh\OneDrive\Attachme
nts\Desktop\WEBdev\ias3\nod
e_modules\postcss\lib\lazy-
result.js:361:16)
    at LazyResult.runAsync 
(C:\Users\devkh\OneDrive\At
tachments\Desktop\WEBdev\ia
s3\node_modules\postcss\lib
\lazy-result.js:290:26)
    at async runPostCSS (fi
le:///C:/Users/devkh/OneDri
ve/Attachments/Desktop/WEBd
ev/ias3/node_modules/vite/d
ist/node/chunks/dep-D4NMHUT
W.js:43853:21)
    at async 
compilePostCSS (file:///C:/
Users/devkh/OneDrive/Attach
ments/Desktop/WEBdev/ias3/n
ode_modules/vite/dist/node/
chunks/dep-D4NMHUTW.js:4382
3:18)
    at async compileCSS (fi
le:///C:/Users/devkh/OneDri
ve/Attachments/Desktop/WEBd
ev/ias3/node_modules/vite/d
ist/node/chunks/dep-D4NMHUT
W.js:43678:27)[39m
